[    0.000000] Initializing cgroup subsys cpuset
[    0.000000] Initializing cgroup subsys cpu
[    0.000000] Initializing cgroup subsys cpuacct
[    0.000000] Linux version 4.4.0-170-generic (buildd@lcy01-amd64-019) (gcc version 5.4.0 20160609 (Ubuntu 5.4.0-6ubuntu1~16.04.12) ) #199-Ubuntu SMP Thu Nov 14 01:45:04 UTC 2019 (Ubuntu 4.4.0-170.199-generic 4.4.200)
[    0.000000] Command line: BOOT_IMAGE=/boot/vmlinuz-4.4.0-170-generic root=LABEL=cloudimg-rootfs ro console=tty1 console=ttyS0
[    0.000000] KERNEL supported cpus:
[    0.000000]   Intel GenuineIntel
[    0.000000]   AMD AuthenticAMD
[    0.000000]   Centaur CentaurHauls
[    0.000000] x86/fpu: xstate_offset[2]:  576, xstate_sizes[2]:  256
[    0.000000] x86/fpu: Supporting XSAVE feature 0x01: 'x87 floating point registers'
[    0.000000] x86/fpu: Supporting XSAVE feature 0x02: 'SSE registers'
[    0.000000] x86/fpu: Supporting XSAVE feature 0x04: 'AVX registers'
[    0.000000] x86/fpu: Enabled xstate features 0x7, context size is 832 bytes, using 'standard' format.
[    0.000000] e820: BIOS-provided physical RAM map:
[    0.000000] BIOS-e820: [mem 0x0000000000000000-0x000000000009fbff] usable
[    0.000000] BIOS-e820: [mem 0x000000000009fc00-0x000000000009ffff] reserved
[    0.000000] BIOS-e820: [mem 0x00000000000f0000-0x00000000000fffff] reserved
[    0.000000] BIOS-e820: [mem 0x0000000000100000-0x000000003ffeffff] usable
[    0.000000] BIOS-e820: [mem 0x000000003fff0000-0x000000003fffffff] ACPI data
[    0.000000] BIOS-e820: [mem 0x00000000fec00000-0x00000000fec00fff] reserved
[    0.000000] BIOS-e820: [mem 0x00000000fee00000-0x00000000fee00fff] reserved
[    0.000000] BIOS-e820: [mem 0x00000000fffc0000-0x00000000ffffffff] reserved
[    0.000000] NX (Execute Disable) protection: active
[    0.000000] SMBIOS 2.5 present.
[    0.000000] Hypervisor detected: KVM
[    0.000000] e820: last_pfn = 0x3fff0 max_arch_pfn = 0x400000000
[    0.000000] MTRR: Disabled
[    0.000000] x86/PAT: MTRRs disabled, skipping PAT initialization too.
[    0.000000] CPU MTRRs all blank - virtualized system.
[    0.000000] x86/PAT: Configuration [0-7]: WB  WT  UC- UC  WB  WT  UC- UC  
[    0.000000] found SMP MP-table at [mem 0x0009fff0-0x0009ffff] mapped at [ffff88000009fff0]
[    0.000000] Scanning 1 areas for low memory corruption
[    0.000000] RAMDISK: [mem 0x362fa000-0x37174fff]
[    0.000000] ACPI: Early table checksum verification disabled
[    0.000000] ACPI: RSDP 0x00000000000E0000 000024 (v02 VBOX  )
[    0.000000] ACPI: XSDT 0x000000003FFF0030 00003C (v01 VBOX   VBOXXSDT 00000001 ASL  00000061)
[    0.000000] ACPI: FACP 0x000000003FFF00F0 0000F4 (v04 VBOX   VBOXFACP 00000001 ASL  00000061)
[    0.000000] ACPI: DSDT 0x000000003FFF0470 0022EA (v02 VBOX   VBOXBIOS 00000002 INTL 20100528)
[    0.000000] ACPI: FACS 0x000000003FFF0200 000040
[    0.000000] ACPI: FACS 0x000000003FFF0200 000040
[    0.000000] ACPI: APIC 0x000000003FFF0240 00005C (v02 VBOX   VBOXAPIC 00000001 ASL  00000061)
[    0.000000] ACPI: SSDT 0x000000003FFF02A0 0001CC (v01 VBOX   VBOXCPUT 00000002 INTL 20100528)
[    0.000000] No NUMA configuration found
[    0.000000] Faking a node at [mem 0x0000000000000000-0x000000003ffeffff]
[    0.000000] NODE_DATA(0) allocated [mem 0x3ffeb000-0x3ffeffff]
[    0.000000] kvm-clock: Using msrs 4b564d01 and 4b564d00
[    0.000000] kvm-clock: cpu 0, msr 0:3ffe3001, primary cpu clock
[    0.000000] kvm-clock: using sched offset of 4228112615 cycles
[    0.000000] clocksource: kvm-clock: mask: 0xffffffffffffffff max_cycles: 0x1cd42e4dffb, max_idle_ns: 881590591483 ns
[    0.000000] Zone ranges:
[    0.000000]   DMA      [mem 0x0000000000001000-0x0000000000ffffff]
[    0.000000]   DMA32    [mem 0x0000000001000000-0x000000003ffeffff]
[    0.000000]   Normal   empty
[    0.000000]   Device   empty
[    0.000000] Movable zone start for each node
[    0.000000] Early memory node ranges
[    0.000000]   node   0: [mem 0x0000000000001000-0x000000000009efff]
[    0.000000]   node   0: [mem 0x0000000000100000-0x000000003ffeffff]
[    0.000000] Initmem setup node 0 [mem 0x0000000000001000-0x000000003ffeffff]
[    0.000000] ACPI: PM-Timer IO Port: 0x4008
[    0.000000] IOAPIC[0]: apic_id 2, version 32, address 0xfec00000, GSI 0-23
[    0.000000] ACPI: INT_SRC_OVR (bus 0 bus_irq 0 global_irq 2 dfl dfl)
[    0.000000] ACPI: INT_SRC_OVR (bus 0 bus_irq 9 global_irq 9 low level)
[    0.000000] Using ACPI (MADT) for SMP configuration information
[    0.000000] smpboot: Allowing 2 CPUs, 0 hotplug CPUs
[    0.000000] PM: Registered nosave memory: [mem 0x00000000-0x00000fff]
[    0.000000] PM: Registered nosave memory: [mem 0x0009f000-0x0009ffff]
[    0.000000] PM: Registered nosave memory: [mem 0x000a0000-0x000effff]
[    0.000000] PM: Registered nosave memory: [mem 0x000f0000-0x000fffff]
[    0.000000] e820: [mem 0x40000000-0xfebfffff] available for PCI devices
[    0.000000] Booting paravirtualized kernel on KVM
[    0.000000] clocksource: refined-jiffies: mask: 0xffffffff max_cycles: 0xffffffff, max_idle_ns: 7645519600211568 ns
[    0.000000] setup_percpu: NR_CPUS:512 nr_cpumask_bits:512 nr_cpu_ids:2 nr_node_ids:1
[    0.000000] PERCPU: Embedded 33 pages/cpu @ffff88003fc00000 s95448 r8192 d31528 u1048576
[    0.000000] Built 1 zonelists in Node order, mobility grouping on.  Total pages: 257912
[    0.000000] Policy zone: DMA32
[    0.000000] Kernel command line: BOOT_IMAGE=/boot/vmlinuz-4.4.0-170-generic root=LABEL=cloudimg-rootfs ro console=tty1 console=ttyS0
[    0.000000] PID hash table entries: 4096 (order: 3, 32768 bytes)
[    0.000000] Memory: 997728K/1048120K available (8626K kernel code, 1336K rwdata, 4036K rodata, 1488K init, 1288K bss, 50392K reserved, 0K cma-reserved)
[    0.000000] SLUB: HWalign=64, Order=0-3, MinObjects=0, CPUs=2, Nodes=1
[    0.000000] Kernel/User page tables isolation: enabled
[    0.000000] Hierarchical RCU implementation.
[    0.000000] 	Build-time adjustment of leaf fanout to 64.
[    0.000000] 	RCU restricting CPUs from NR_CPUS=512 to nr_cpu_ids=2.
[    0.000000] RCU: Adjusting geometry for rcu_fanout_leaf=64, nr_cpu_ids=2
[    0.000000] NR_IRQS:33024 nr_irqs:440 16
[    0.000000] Console: colour VGA+ 80x25
[    0.000000] console [tty1] enabled
[    0.000000] console [ttyS0] enabled
[    0.000000] tsc: Detected 2711.996 MHz processor
[    0.306699] Calibrating delay loop (skipped) preset value.. 5423.99 BogoMIPS (lpj=10847984)
[    0.310319] pid_max: default: 32768 minimum: 301
[    0.312795] ACPI: Core revision 20150930
[    0.321539] ACPI: 2 ACPI AML tables successfully acquired and loaded
[    0.323897] Security Framework initialized
[    0.325646] Yama: becoming mindful.
[    0.327702] AppArmor: AppArmor initialized
[    0.330462] Dentry cache hash table entries: 131072 (order: 8, 1048576 bytes)
[    0.337851] Inode-cache hash table entries: 65536 (order: 7, 524288 bytes)
[    0.340650] Mount-cache hash table entries: 2048 (order: 2, 16384 bytes)
[    0.342811] Mountpoint-cache hash table entries: 2048 (order: 2, 16384 bytes)
[    0.349871] Initializing cgroup subsys io
[    0.351971] Initializing cgroup subsys memory
[    0.354239] Initializing cgroup subsys devices
[    0.356433] Initializing cgroup subsys freezer
[    0.358750] Initializing cgroup subsys net_cls
[    0.361180] Initializing cgroup subsys perf_event
[    0.363539] Initializing cgroup subsys net_prio
[    0.366180] Initializing cgroup subsys hugetlb
[    0.368478] Initializing cgroup subsys pids
[    0.372391] mce: CPU supports 0 MCE banks
[    0.375152] Last level iTLB entries: 4KB 64, 2MB 8, 4MB 8
[    0.376806] Last level dTLB entries: 4KB 64, 2MB 0, 4MB 0, 1GB 4
[    0.378789] Spectre V1 : Mitigation: usercopy/swapgs barriers and __user pointer sanitization
[    0.382110] Spectre V2 : Mitigation: Full generic retpoline
[    0.383879] Spectre V2 : Spectre v2 / SpectreRSB mitigation: Filling RSB on context switch
[    0.387007] Speculative Store Bypass: Vulnerable
[    0.388767] MDS: Vulnerable: Clear CPU buffers attempted, no microcode
[    0.395831] Freeing SMP alternatives memory: 36K
[    0.407905] ftrace: allocating 32302 entries in 127 pages
[    0.509480] smpboot: APIC(0) Converting physical 0 to logical package 0
[    0.511681] smpboot: Max logical packages: 1
[    0.513723] x2apic enabled
[    0.515285] Switched APIC routing to physical x2apic.
[    0.518782] ..TIMER: vector=0x30 apic1=0 pin1=2 apic2=-1 pin2=-1
[    0.629025] smpboot: CPU0: Intel(R) Core(TM) i5-7200U CPU @ 2.50GHz (family: 0x6, model: 0x8e, stepping: 0x9)
[    0.632492] Performance Events: unsupported p6 CPU model 142 no PMU driver, software events only.
[    0.651118] KVM setup paravirtual spinlock
[    0.653491] x86: Booting SMP configuration:
[    0.655089] .... node  #0, CPUs:      #1
[    0.656412] kvm-clock: cpu 1, msr 0:3ffe3041, secondary cpu clock
[    0.659347] mce: CPU supports 0 MCE banks
[    0.662386] x86: Booted up 1 node, 2 CPUs
[    0.664297] smpboot: Total of 2 processors activated (10847.98 BogoMIPS)
[    0.667180] devtmpfs: initialized
[    0.670856] evm: security.selinux
[    0.672190] evm: security.SMACK64
[    0.673683] evm: security.SMACK64EXEC
[    0.675237] evm: security.SMACK64TRANSMUTE
[    0.676852] evm: security.SMACK64MMAP
[    0.678475] evm: security.ima
[    0.679927] evm: security.capability
[    0.681676] clocksource: jiffies: mask: 0xffffffff max_cycles: 0xffffffff, max_idle_ns: 7645041785100000 ns
[    0.684881] futex hash table entries: 512 (order: 3, 32768 bytes)
[    0.687508] pinctrl core: initialized pinctrl subsystem
[    0.689363] RTC time: 12:09:16, date: 12/18/19
[    0.691307] NET: Registered protocol family 16
[    0.706934] cpuidle: using governor ladder
[    0.718605] cpuidle: using governor menu
[    0.720334] PCCT header not found.
[    0.722182] ACPI: bus type PCI registered
[    0.723775] acpiphp: ACPI Hot Plug PCI Controller Driver version: 0.5
[    0.726468] PCI: Using configuration type 1 for base access
[    0.743854] ACPI: Added _OSI(Module Device)
[    0.745531] ACPI: Added _OSI(Processor Device)
[    0.747190] ACPI: Added _OSI(3.0 _SCP Extensions)
[    0.749118] ACPI: Added _OSI(Processor Aggregator Device)
[    0.751784] ACPI: Executed 1 blocks of module-level executable AML code
[    0.757356] ACPI: Interpreter enabled
[    0.758885] ACPI: (supports S0 S5)
[    0.760339] ACPI: Using IOAPIC for interrupt routing
[    0.762079] PCI: Using host bridge windows from ACPI; if necessary, use "pci=nocrs" and report a bug
[    0.770416] ACPI: PCI Root Bridge [PCI0] (domain 0000 [bus 00-ff])
[    0.772644] acpi PNP0A03:00: _OSC: OS supports [ASPM ClockPM Segments MSI]
[    0.774960] acpi PNP0A03:00: _OSC: not requesting OS control; OS requires [ExtendedConfig ASPM ClockPM MSI]
[    0.778478] acpi PNP0A03:00: fail to add MMCONFIG information, can't access extended PCI configuration space under this bridge.
[    0.782562] PCI host bridge to bus 0000:00
[    0.784030] pci_bus 0000:00: root bus resource [io  0x0000-0x0cf7 window]
[    0.786095] pci_bus 0000:00: root bus resource [io  0x0d00-0xffff window]
[    0.788320] pci_bus 0000:00: root bus resource [mem 0x000a0000-0x000bffff window]
[    0.791054] pci_bus 0000:00: root bus resource [mem 0x40000000-0xfdffffff window]
[    0.794123] pci_bus 0000:00: root bus resource [bus 00-ff]
[    0.799200] pci 0000:00:01.1: legacy IDE quirk: reg 0x10: [io  0x01f0-0x01f7]
[    0.801553] pci 0000:00:01.1: legacy IDE quirk: reg 0x14: [io  0x03f6]
[    0.803567] pci 0000:00:01.1: legacy IDE quirk: reg 0x18: [io  0x0170-0x0177]
[    0.805636] pci 0000:00:01.1: legacy IDE quirk: reg 0x1c: [io  0x0376]
[    0.870117] pci 0000:00:07.0: quirk: [io  0x4000-0x403f] claimed by PIIX4 ACPI
[    0.872817] pci 0000:00:07.0: quirk: [io  0x4100-0x410f] claimed by PIIX4 SMB
[    0.886826] ACPI: PCI Interrupt Link [LNKA] (IRQs 5 9 10 *11)
[    0.889694] ACPI: PCI Interrupt Link [LNKB] (IRQs 5 9 *10 11)
[    0.892428] ACPI: PCI Interrupt Link [LNKC] (IRQs 5 *9 10 11)
[    0.895222] ACPI: PCI Interrupt Link [LNKD] (IRQs 5 9 10 *11)
[    0.897894] ACPI: Enabled 2 GPEs in block 00 to 07
[    0.900264] vgaarb: setting as boot device: PCI:0000:00:02.0
[    0.902221] vgaarb: device added: PCI:0000:00:02.0,decodes=io+mem,owns=io+mem,locks=none
[    0.907102] vgaarb: loaded
[    0.908818] vgaarb: bridge control possible 0000:00:02.0
[    0.913255] SCSI subsystem initialized
[    0.915874] ACPI: bus type USB registered
[    0.917376] usbcore: registered new interface driver usbfs
[    0.919869] usbcore: registered new interface driver hub
[    0.921678] usbcore: registered new device driver usb
[    0.923661] PCI: Using ACPI for IRQ routing
[    0.928546] NetLabel: Initializing
[    0.929841] NetLabel:  domain hash size = 128
[    0.931397] NetLabel:  protocols = UNLABELED CIPSOv4
[    0.936778] NetLabel:  unlabeled traffic allowed by default
[    0.938875] amd_nb: Cannot enumerate AMD northbridges
[    0.941972] clocksource: Switched to clocksource kvm-clock
[    0.959479] AppArmor: AppArmor Filesystem Enabled
[    0.961417] pnp: PnP ACPI init
[    0.964054] pnp: PnP ACPI: found 3 devices
[    0.977690] clocksource: acpi_pm: mask: 0xffffff max_cycles: 0xffffff, max_idle_ns: 2085701024 ns
[    0.980818] NET: Registered protocol family 2
[    0.982680] TCP established hash table entries: 8192 (order: 4, 65536 bytes)
[    0.984815] TCP bind hash table entries: 8192 (order: 5, 131072 bytes)
[    0.986933] TCP: Hash tables configured (established 8192 bind 8192)
[    0.988912] UDP hash table entries: 512 (order: 2, 16384 bytes)
[    0.990759] UDP-Lite hash table entries: 512 (order: 2, 16384 bytes)
[    0.992848] NET: Registered protocol family 1
[    0.994494] pci 0000:00:00.0: Limiting direct PCI/PCI transfers
[    0.996425] pci 0000:00:01.0: Activating ISA DMA hang workarounds
[    0.999156] Unpacking initramfs...
[    1.350697] Freeing initrd memory: 14828K
[    1.352306] clocksource: tsc: mask: 0xffffffffffffffff max_cycles: 0x271782d3887, max_idle_ns: 440795314643 ns
[    1.355395] platform rtc_cmos: registered platform RTC device (no PNP device found)
[    1.358455] Scanning for low memory corruption every 60 seconds
[    1.360996] audit: initializing netlink subsys (disabled)
[    1.362758] audit: type=2000 audit(1576670962.559:1): initialized
[    1.365029] Initialise system trusted keyring
[    1.367007] HugeTLB registered 2 MB page size, pre-allocated 0 pages
[    1.370871] zbud: loaded
[    1.372470] VFS: Disk quotas dquot_6.6.0
[    1.373896] VFS: Dquot-cache hash table entries: 512 (order 0, 4096 bytes)
[    1.376407] squashfs: version 4.0 (2009/01/31) Phillip Lougher
[    1.379570] fuse init (API version 7.23)
[    1.381201] Key type big_key registered
[    1.382608] Allocating IMA MOK and blacklist keyrings.
[    1.386401] Key type asymmetric registered
[    1.387957] Asymmetric key parser 'x509' registered
[    1.389631] Block layer SCSI generic (bsg) driver version 0.4 loaded (major 249)
[    1.392574] io scheduler noop registered
[    1.394599] io scheduler deadline registered (default)
[    1.398734] io scheduler cfq registered
[    1.400657] pci_hotplug: PCI Hot Plug PCI Core version: 0.5
[    1.403285] pciehp: PCI Express Hot Plug Controller Driver version: 0.4
[    1.406228] ACPI: AC Adapter [AC] (off-line)
[    1.408461] input: Power Button as /devices/LNXSYSTM:00/LNXPWRBN:00/input/input0
[    1.411598] ACPI: Power Button [PWRF]
[    1.413920] input: Sleep Button as /devices/LNXSYSTM:00/LNXSLPBN:00/input/input1
[    1.417785] ACPI: Sleep Button [SLPF]
[    1.420441] GHES: HEST is not enabled!
[    1.421548] ACPI: Battery Slot [BAT0] (battery present)
[    1.425353] Serial: 8250/16550 driver, 32 ports, IRQ sharing enabled
[    1.449397] 00:02: ttyS0 at I/O 0x3f8 (irq = 4, base_baud = 115200) is a 16550A
[    1.459418] Linux agpgart interface v0.103
[    1.464788] loop: module loaded
[    1.468224] scsi host0: ata_piix
[    1.470421] scsi host1: ata_piix
[    1.474039] ata1: PATA max UDMA/33 cmd 0x1f0 ctl 0x3f6 bmdma 0xd000 irq 14
[    1.476397] ata2: PATA max UDMA/33 cmd 0x170 ctl 0x376 bmdma 0xd008 irq 15
[    1.481074] libphy: Fixed MDIO Bus: probed
[    1.483686] tun: Universal TUN/TAP device driver, 1.6
[    1.485939] tun: (C) 1999-2004 Max Krasnyansky <maxk@qualcomm.com>
[    1.488351] PPP generic driver version 2.4.2
[    1.490266] ehci_hcd: USB 2.0 'Enhanced' Host Controller (EHCI) Driver
[    1.492339] ehci-pci: EHCI PCI platform driver
[    1.494124] ehci-platform: EHCI generic platform driver
[    1.495990] ohci_hcd: USB 1.1 'Open' Host Controller (OHCI) Driver
[    1.497973] ohci-pci: OHCI PCI platform driver
[    1.499762] ohci-platform: OHCI generic platform driver
[    1.503118] uhci_hcd: USB Universal Host Controller Interface driver
[    1.506011] i8042: PNP: PS/2 Controller [PNP0303:PS2K,PNP0f03:PS2M] at 0x60,0x64 irq 1,12
[    1.510153] serio: i8042 KBD port at 0x60,0x64 irq 1
[    1.512104] serio: i8042 AUX port at 0x60,0x64 irq 12
[    1.514095] mousedev: PS/2 mouse device common for all mice
[    1.516432] input: AT Translated Set 2 keyboard as /devices/platform/i8042/serio0/input/input2
[    1.520691] rtc_cmos rtc_cmos: rtc core: registered rtc_cmos as rtc0
[    1.523433] rtc_cmos rtc_cmos: alarms up to one day, 114 bytes nvram
[    1.525737] i2c /dev entries driver
[    1.527284] device-mapper: uevent: version 1.0.3
[    1.529144] device-mapper: ioctl: 4.34.0-ioctl (2015-10-28) initialised: dm-devel@redhat.com
[    1.532270] ledtrig-cpu: registered to indicate activity on CPUs
[    1.536122] NET: Registered protocol family 10
[    1.539913] NET: Registered protocol family 17
[    1.541612] Key type dns_resolver registered
[    1.543945] registered taskstats version 1
[    1.545483] Loading compiled-in X.509 certificates
[    1.548153] Loaded X.509 cert 'Build time autogenerated kernel key: f0e56e97f406068ace47a9bf54316e9855aaaa43'
[    1.551417] zswap: loaded using pool lzo/zbud
[    1.555974] Key type trusted registered
[    1.562746] Key type encrypted registered
[    1.564161] AppArmor: AppArmor sha1 policy hashing enabled
[    1.565899] ima: No TPM chip found, activating TPM-bypass!
[    1.567717] ima: Allocated hash algorithm: sha1
[    1.569252] evm: HMAC attrs: 0x1
[    1.570960]   Magic number: 15:278:178
[    1.572290]  platform: hash matches
[    1.575128] rtc_cmos rtc_cmos: setting system clock to 2019-12-18 12:09:17 UTC (1576670957)
[    1.582096] BIOS EDD facility v0.16 2004-Jun-25, 0 devices found
[    1.585072] EDD information not available.
[    1.639515] Freeing unused kernel memory: 1488K
[    1.641201] Write protecting the kernel read-only data: 14336k
[    1.644063] Freeing unused kernel memory: 1604K
[    1.646190] Freeing unused kernel memory: 60K
Loading, please wait...
starting version 229
[    1.668821] random: systemd-udevd: uninitialized urandom read (16 bytes read, 3 bits of entropy available)
[    1.669667] random: udevadm: uninitialized urandom read (16 bytes read, 3 bits of entropy available)
[    1.669696] random: udevadm: uninitialized urandom read (16 bytes read, 3 bits of entropy available)
[    1.679141] random: systemd-udevd: uninitialized urandom read (16 bytes read, 3 bits of entropy available)
[    1.682252] random: systemd-udevd: uninitialized urandom read (16 bytes read, 3 bits of entropy available)
[    1.682730] random: udevadm: uninitialized urandom read (16 bytes read, 3 bits of entropy available)
[    1.682788] random: udevadm: uninitialized urandom read (16 bytes read, 3 bits of entropy available)
[    1.683168] random: udevadm: uninitialized urandom read (16 bytes read, 3 bits of entropy available)
[    1.683259] random: udevadm: uninitialized urandom read (16 bytes read, 3 bits of entropy available)
[    1.683349] random: udevadm: uninitialized urandom read (16 bytes read, 3 bits of entropy available)
[    1.748697] e1000: Intel(R) PRO/1000 Network Driver - version 7.3.21-k8-NAPI
[    1.750781] e1000: Copyright (c) 1999-2006 Intel Corporation.
[    1.756960] Fusion MPT base driver 3.04.20
[    1.758890] Copyright (c) 1999-2008 LSI Corporation
[    1.772821] Fusion MPT SPI Host driver 3.04.20
[    1.789525] AVX2 version of gcm_enc/dec engaged.
[    1.791674] AES CTR mode by8 optimization enabled
[    1.981058] input: ImExPS/2 Generic Explorer Mouse as /devices/platform/i8042/serio1/input/input4
[    2.202298] e1000 0000:00:03.0 eth0: (PCI:33MHz:32-bit) 02:dd:45:a7:5d:a0
[    2.204737] e1000 0000:00:03.0 eth0: Intel(R) PRO/1000 Network Connection
[    2.207836] mptbase: ioc0: Initiating bringup
[    2.210765] e1000 0000:00:03.0 enp0s3: renamed from eth0
[    2.270752] ioc0: LSI53C1030 A0: Capabilities={Initiator}
[    2.433154] scsi host2: ioc0: LSI53C1030 A0, FwRev=00000000h, Ports=1, MaxQ=256, IRQ=20
[    2.547687] scsi 2:0:0:0: Direct-Access     VBOX     HARDDISK         1.0  PQ: 0 ANSI: 5
[    2.554713] scsi target2:0:0: Beginning Domain Validation
[    2.563776] scsi target2:0:0: Domain Validation skipping write tests
[    2.568430] scsi target2:0:0: Ending Domain Validation
[    2.572360] scsi target2:0:0: asynchronous
[    2.577238] scsi 2:0:1:0: Direct-Access     VBOX     HARDDISK         1.0  PQ: 0 ANSI: 5
[    2.583197] scsi target2:0:1: Beginning Domain Validation
[    2.592078] scsi target2:0:1: Domain Validation skipping write tests
[    2.597278] scsi target2:0:1: Ending Domain Validation
[    2.644036] scsi target2:0:1: asynchronous
[    2.661924] sd 2:0:0:0: Attached scsi generic sg0 type 0
[    2.664655] sd 2:0:0:0: [sda] 20971520 512-byte logical blocks: (10.7 GB/10.0 GiB)
[    2.669362] sd 2:0:1:0: [sdb] 20480 512-byte logical blocks: (10.5 MB/10.0 MiB)
[    2.669375] sd 2:0:0:0: [sda] Write Protect is off
[    2.669737] sd 2:0:0:0: [sda] Incomplete mode parameter data
[    2.669739] sd 2:0:0:0: [sda] Assuming drive cache: write through
[    2.670884] sd 2:0:1:0: Attached scsi generic sg1 type 0
[    2.676183]  sda: sda1
[    2.677923] sd 2:0:0:0: [sda] Attached SCSI disk
[    2.687881] sd 2:0:1:0: [sdb] Write Protect is off
[    2.692730] sd 2:0:1:0: [sdb] Incomplete mode parameter data
[    2.694742] sd 2:0:1:0: [sdb] Assuming drive cache: write through
[    2.700752] sd 2:0:1:0: [sdb] Attached SCSI disk
Begin: Loading essential drivers ... [    4.597394] md: linear personality registered for level -1
[    4.603582] md: multipath personality registered for level -4
[    4.610670] md: raid0 personality registered for level 0
[    4.621346] md: raid1 personality registered for level 1
[    4.694095] raid6: sse2x1   gen()  6277 MB/s
[    4.762500] raid6: sse2x1   xor()  5170 MB/s
[    4.830273] raid6: sse2x2   gen()  9864 MB/s
[    4.898059] raid6: sse2x2   xor()  6012 MB/s
[    4.966095] raid6: sse2x4   gen() 10932 MB/s
[    5.034129] raid6: sse2x4   xor()  7203 MB/s
[    5.102158] raid6: avx2x1   gen() 14543 MB/s
[    5.170380] raid6: avx2x2   gen() 13541 MB/s
[    5.238730] raid6: avx2x4   gen() 13867 MB/s
[    5.241238] raid6: using algorithm avx2x1 gen() 14543 MB/s
[    5.243887] raid6: using avx2x2 recovery algorithm
[    5.247914] xor: automatically using best checksumming function:
[    5.290446]    avx       : 14749.000 MB/sec
[    5.295606] async_tx: api initialized (async)
[    5.321210] md: raid6 personality registered for level 6
[    5.322923] md: raid5 personality registered for level 5
[    5.324902] md: raid4 personality registered for level 4
[    5.336465] md: raid10 personality registered for level 10
done.
Begin: Running /scripts/init-premount ... done.
Begin: Mounting root file system ... Begin: Running /scripts/local-top ... done.
Begin: Running /scripts/local-premount ... [    5.399715] Btrfs loaded
Scanning for Btrfs filesystems
done.
Warning: fsck not present, so skipping root file system
[    5.478522] EXT4-fs (sda1): mounted filesystem with ordered data mode. Opts: (null)
done.
Begin: Running /scripts/local-bottom ... done.
Begin: Running /scripts/init-bottom ... done.
[    5.723397] systemd[1]: systemd 229 running in system mode. (+PAM +AUDIT +SELINUX +IMA +APPARMOR +SMACK +SYSVINIT +UTMP +LIBCRYPTSETUP +GCRYPT +GNUTLS +ACL +XZ -LZ4 +SECCOMP +BLKID +ELFUTILS +KMOD -IDN)
[    5.730118] systemd[1]: Detected virtualization oracle.
[    5.731706] systemd[1]: Detected architecture x86-64.

Welcome to [1mUbuntu 16.04.6 LTS[0m!

[    5.737712] systemd[1]: Set hostname to <ubuntu>.
[    5.742701] systemd[1]: Initializing machine ID from random generator.
[    5.744748] systemd[1]: Installed transient /etc/machine-id file.
[    6.047623] systemd[1]: Listening on LVM2 poll daemon socket.
[[0;32m  OK  [0m] Listening on LVM2 poll daemon socket.
[    6.054407] systemd[1]: Reached target User and Group Name Lookups.
[[0;32m  OK  [0m] Reached target User and Group Name Lookups.
[    6.067162] systemd[1]: Listening on Device-mapper event daemon FIFOs.
[[0;32m  OK  [0m] Listening on Device-mapper event daemon FIFOs.
[    6.074094] systemd[1]: Listening on /dev/initctl Compatibility Named Pipe.
[[0;32m  OK  [0m] Listening on /dev/initctl Compatibility Named Pipe.
[    6.081337] systemd[1]: Listening on LVM2 metadata daemon socket.
[[0;32m  OK  [0m] Listening on LVM2 metadata daemon socket.
[    6.095106] systemd[1]: Created slice System Slice.
[[0;32m  OK  [0m] Created slice System Slice.
[    6.098674] systemd[1]: Created slice system-serial\x2dgetty.slice.
[[0;32m  OK  [0m] Created slice system-serial\x2dgetty.slice.
[    6.103106] systemd[1]: Created slice User and Session Slice.
[[0;32m  OK  [0m] Created slice User and Session Slice.
[    6.114324] systemd[1]: Listening on Journal Audit Socket.
[[0;32m  OK  [0m] Listening on Journal Audit Socket.
[    6.118279] systemd[1]: Listening on Journal Socket.
[[0;32m  OK  [0m] Listening on Journal Socket.
[    6.135039] systemd[1]: Starting Monitoring of LVM2 mirrors, snapshots etc. using dmeventd or progress polling...
         Starting Monitoring of LVM2 mirrors... dmeventd or progress polling...
[    6.146445] systemd[1]: Starting Remount Root and Kernel File Systems...
         Starting Remount Root and Kernel File Systems...
[    6.151250] systemd[1]: Mounting Huge Pages File System...
         Mounting Huge Pages File System...
[    6.156063] systemd[1]: Mounting Debug File System...
[    6.160579] EXT4-fs (sda1): re-mounted. Opts: (null)
         Mounting Debug File System...
[    6.165188] systemd[1]: Starting Uncomplicated firewall...
         Starting Uncomplicated firewall...
[    6.172550] systemd[1]: Starting Create list of required static device nodes for the current kernel...
         Starting Create list of required st... nodes for the current kernel...
[    6.184995] systemd[1]: Mounting POSIX Message Queue File System...
         Mounting POSIX Message Queue File System...
[    6.190067] systemd[1]: Starting Nameserver information manager...
         Starting Nameserver information manager...
[    6.194394] systemd[1]: Starting Set console keymap...
         Starting Set console keymap...
[    6.199265] systemd[1]: Started Trigger resolvconf update for networkd DNS.
[[0;32m  OK  [0m] Started Trigger resolvconf update for networkd DNS.
[    6.205837] systemd[1]: Listening on udev Control Socket.
[[0;32m  OK  [0m] Listening on udev Control Socket.
[    6.210042] systemd[1]: Set up automount Arbitrary Executable File Formats File System Automount Point.
[[0;32m  OK  [0m] Set up automount Arbitrary Executab...ats File System Automount Point.
[    6.219374] systemd[1]: Listening on Syslog Socket.
[[0;32m  OK  [0m] Listening on Syslog Socket.
[    6.230270] systemd[1]: Reached target Encrypted Volumes.
[[0;32m  OK  [0m] Reached target Encrypted Volumes.
[    6.234512] systemd[1]: Listening on Journal Socket (/dev/log).
[[0;32m  OK  [0m] Listening on Journal Socket (/dev/log).
[    6.258718] systemd[1]: Starting Journal Service...
         Starting Journal Service...
[    6.262449] systemd[1]: Reached target Slices.
[[0;32m  OK  [0m] Reached target Slices.
[    6.265925] systemd[1]: Listening on udev Kernel Socket.
[[0;32m  OK  [0m] Listening on udev Kernel Socket.
[    6.274465] systemd[1]: Started Forward Password Requests to Wall Directory Watch.
[[0;32m  OK  [0m] Started Forward Password Requests to Wall Directory Watch.
[    6.286176] systemd[1]: Starting Load Kernel Modules...
         Starting Load Kernel Modules...
[    6.293788] systemd[1]: Reached target System Time Synchronized.
[[0;32m  OK  [0m] Reached target System Time Synchronized.
[    6.298145] systemd[1]: Reached target Swap.
[[0;32m  OK  [0m] Reached target Swap.
[    6.305050] systemd[1]: Mounted POSIX Message Queue File System.
[[0;32m  OK  [0m] Mounted POSIX Message Queue File System.
[    6.308988] systemd[1]: Mounted Debug File System.
[[0;32m  OK  [0m] Mounted Debug File System.
[    6.311747] systemd[1]: Mounted Huge Pages File System.
[[0;32m  OK  [0m] Mounted Huge Pages File System.
[    6.316969] systemd[1]: Started Remount Root and Kernel File Systems.
[[0;32m  OK  [0m] Started Remount Root and Kernel File Systems.
[    6.325705] Loading iSCSI transport class v2.0-870.
[    6.328788] systemd[1]: Started Uncomplicated firewall.
[[0;32m  OK  [0m] Started Uncomplicated firewall.
[    6.333322] systemd[1]: Started Create list of required static device nodes for the current kernel.
[[0;32m  OK  [0m] Started Create list of required sta...ce nodes for the current kernel.
[    6.351475] systemd[1]: Started Set console keymap.
[[0;32m  OK  [0m] Started Set console keymap.
[    6.357256] iscsi: registered transport (tcp)
[    6.363220] systemd[1]: Started Nameserver information manager.
[[0;32m  OK  [0m] Started Nameserver information manager.
[    6.372774] systemd[1]: Started Journal Service.
[[0;32m  OK  [0m] Started Journal Service.
[[0;32m  OK  [0m] Started LVM2 metadata daemon.
         Starting Create Static Device Nodes in /dev...
         Starting Flush Journal to Persistent Storage...
         Starting Load/Save Random Seed...
         Starting udev Coldplug all Devices...
[    6.411360] random: nonblocking pool is initialized
[[0;32m  OK  [0m] Started Load/Save Random Seed.
[    6.432279] systemd-journald[396]: Received request to flush runtime journal from PID 1
[[0;32m  OK  [0m] Started Flush Journal to Persistent Storage.
[    6.473201] iscsi: registered transport (iser)
[[0;32m  OK  [0m] Started Load Kernel Modules.
[[0;32m  OK  [0m] Started Create Static Device Nodes in /dev.
         Starting udev Kernel Device Manager...
         Starting Apply Kernel Variables...
         Mounting FUSE Control File System...
[[0;32m  OK  [0m] Mounted FUSE Control File System.
[[0;32m  OK  [0m] Started Apply Kernel Variables.
[[0;32m  OK  [0m] Started udev Kernel Device Manager.
[[0;32m  OK  [0m] Started udev Coldplug all Devices.
[[0;32m  OK  [0m] Started Dispatch Password Requests to Console Directory Watch.
[[0;32m  OK  [0m] Started Monitoring of LVM2 mirrors,...ng dmeventd or progress polling.
[[0;32m  OK  [0m] Reached target Local File Systems (Pre).
[[0;32m  OK  [0m] Reached target Local File Systems.
         Starting Create Volatile Files and Directories...
         Starting LSB: AppArmor initialization...
         Starting Initial cloud-init job (pre-networking)...
         Starting Tell Plymouth To Write Out Runtime Data...
         Starting Set console font and keymap...
         Starting Commit a transient machine-id on disk...
[[0;32m  OK  [0m] Found device /dev/ttyS0.
[[0;32m  OK  [0m] Started Create Volatile Files and Directories.
         Starting Update UTMP about System Boot/Shutdown...
[[0;32m  OK  [0m] Started Update UTMP about System Boot/Shutdown.
[[0;32m  OK  [0m] Started Tell Plymouth To Write Out Runtime Data.
[[0;32m  OK  [0m] Started Commit a transient machine-id on disk.
[[0;32m  OK  [0m] Listening on Load/Save RF Kill Switch Status /dev/rfkill Watch.
[    9.861459] [[0;32m  OK  [0m] Started Initial cloud-init job (pre-networking).
cloud-init[491]: Cloud-init v. 19.2-36-g059d049c-0ubuntu2~16.04.1 running 'init-local' at Wed, 18 Dec 2019 12:09:24 +0000. Up 8.61 seconds.
[[0;32m  OK  [0m] Reached target Network (Pre).
[[0;32m  OK  [0m] Started LSB: AppArmor initialization.
         Starting Raise network interfaces...
[[0;32m  OK  [0m] Started Set console font and keymap.
[[0;32m  OK  [0m] Created slice system-getty.slice.
[[0;32m  OK  [0m] Started Raise network interfaces.
[[0;32m  OK  [0m] Reached target Network.
         Starting Initial cloud-init job (metadata service crawler)...
[   12.903848] cloud-init[956]: Cloud-init v. 19.2-36-g059d049c-0ubuntu2~16.04.1 running 'init' at Wed, 18 Dec 2019 12:09:28 +0000. Up 11.92 seconds.
[   12.906214] cloud-init[956]: ci-info: ++++++++++++++++++++++++++++++++++++++Net device info++++++++++++++++++++++++++++++++++++++
[   12.908667] cloud-init[956]: ci-info: +--------+------+----------------------------+---------------+--------+-------------------+
[   12.911198] cloud-init[956]: ci-info: | Device |  Up  |          Address           |      Mask     | Scope  |     Hw-Address    |
[   12.916734] cloud-init[956]: ci-info: +--------+------+----------------------------+---------------+--------+-------------------+
[   12.925593] cloud-init[956]: ci-info: | enp0s3 | True |         10.0.2.15          | 255.255.255.0 | global | 02:dd:45:a7:5d:a0 |
[   12.933249] cloud-init[956]: ci-info: | enp0s3 | True | fe80::dd:45ff:fea7:5da0/64 |       .       |  link  | 02:dd:45:a7:5d:a0 |
[   12.953329] cloud-init[956]: ci-info: |   lo   | True |         127.0.0.1          |   255.0.0.0   |  host  |         .         |
[   12.957364] cloud-init[956]: ci-info: |   lo   | True |          ::1/128           |       .       |  host  |         .         |
[   12.967410] cloud-init[956]: ci-info: +--------+------+----------------------------+---------------+--------+-------------------+
[   12.973298] cloud-init[956]: ci-info: +++++++++++++++++++++++++++Route IPv4 info++++++++++++++++++++++++++++
[   12.976196] cloud-init[956]: ci-info: +-------+-------------+----------+---------------+-----------+-------+
[   12.979455] cloud-init[956]: ci-info: | Route | Destination | Gateway  |    Genmask    | Interface | Flags |
[   12.990037] cloud-init[956]: ci-info: +-------+-------------+----------+---------------+-----------+-------+
[   12.993776] cloud-init[956]: ci-info: |   0   |   0.0.0.0   | 10.0.2.2 |    0.0.0.0    |   enp0s3  |   UG  |
[   13.004978] cloud-init[956]: ci-info: |   1   |   10.0.2.0  | 0.0.0.0  | 255.255.255.0 |   enp0s3  |   U   |
[   13.016726] cloud-init[956]: ci-info: +-------+-------------+----------+---------------+-----------+-------+
[   13.021846] cloud-init[956]: ci-info: +++++++++++++++++++Route IPv6 info+++++++++++++++++++
[   13.024141] cloud-init[956]: ci-info: +-------+-------------+---------+-----------+-------+
[   13.028731] cloud-init[956]: ci-info: | Route | Destination | Gateway | Interface | Flags |
[   13.031570] cloud-init[956]: ci-info: +-------+-------------+---------+-----------+-------+
[   13.034004] cloud-init[956]: ci-info: |   0   |  fe80::/64  |    ::   |   enp0s3  |   U   |
[   13.037901] cloud-init[956]: ci-info: |   3   |   ff00::/8  |    ::   |   enp0s3  |   U   |
[   13.041206] [[0;32m  OK  [0m] Started Initial cloud-init job (metadata service crawler).
[[0;32m  OK  [0m] Reached target System Initialization.
cloud-init[956]: ci-info: +-------+-------------+---------+-----------+-------+
[   13.044958]          Starting LXD - unix socket.
cloud-init[956]: Generating public/private rsa key pair.
[   13.047467] [[0;32m  OK  [0m] Started ACPI Events Check.
[[0;32m  OK  [0m] Reached target Paths.
[[0;32m  OK  [0m] Listening on D-Bus System Message Bus Socket.
[[0;32m  OK  [0m] Started Message of the Day.
cloud-init[956]: Your identification has been saved in /etc/ssh/ssh_host_rsa_key.
[   13.054996] [cloud-init[0;32m  OK  [0m[956]: ] Your public key has been saved in /etc/ssh/ssh_host_rsa_key.pub.Started Daily Cleanup of Temporary Directories.

[   13.057932] [[0;32m  OK  [0m] Listening on UUID daemon activation socket.
[[0;32m  OK  [0m] Listening on ACPID Listen Socket.
[[0;32m  OK  [0m] Started Daily apt download activities.
[[0;32m  OK  [0m] Started Daily apt upgrade and clean activities.
[[0;32m  OK  [0m] Reached target Timers.
         Starting Socket activation for snappy daemon.
cloud-init[956]: The key fingerprint is:
[   13.064128] [[0;32m  OK  [0m] Reached target Network is Online.
cloud-init[956]: SHA256:dyo/3BV1t8BWI4b+fY8slOhZjaJ2WtkoD29+r/1YTh0 root@ubuntu-xenial
[   13.068003] cloud-init[956]: The key's randomart image is:
[   13.069990] cloud-init[956]: +---[RSA 2048]----+
[   13.071894] cloud-init[956]: |            oo.o |
[   13.073832] cloud-init[956]: |           ..+. =|
[   13.075139] cloud-init[956]: |          . . ..+|
         Starting iSCSI initiator daemon (iscsid)...
[[0;32m  OK  [0m] Reached target Cloud-config availability.
[[0;32m  OK  [0m] Listening on LXD - unix socket.
[   13.077309] [[0;32m  OK  [0m] Listening on Socket activation for snappy daemon.
[[0;32m  OK  [0m] Reached target Sockets.
[[0;32m  OK  [0m] Reached target Basic System.
cloud-init[956]:          Starting System Logging Service...
|           .  .. |[[0;32m  OK  [0m] Started FUSE filesystem for LXC.
         Starting Accounts Service...
         Starting Login Service...

         Starting Snappy daemon...
         Starting LSB: MD monitoring daemon...
         Starting Pollinate to seed the pseudo random number generator...
         Starting /etc/rc.local Compatibility...
[   13.094937] cloud-init[956]: |        S ..o+.E |
[   13.132911] [[0;32m  OK  [0m] Started Deferred execution scheduler.
cloud-init[956]: |         .o*=.o.+|
[   13.140959] cloud-init[956]: |        ++=*.o .*|
[   13.145405] cloud-init[956]: |        oOB +.o=.|
[   13.149901] cloud-init[956]: |       ..==o.++.o|
[[0;32m  OK  [0m] Started D-Bus System Message Bus.
[   13.155608] cloud-init[956]: +----[SHA256]-----+
[   13.158805] cloud-init[956]: Generating public/private dsa key pair.
[   13.161042] cloud-init[956]: Your identification has been saved in /etc/ssh/ssh_host_dsa_key.
[   13.165303] cloud-init[956]: Your public key has been saved in /etc/ssh/ssh_host_dsa_key.pub.
[   13.168052] cloud-init[956]: The key fingerprint is:
[   13.169679] cloud-init[956]: SHA256:MfyR98qZaaIzsFCx5Nq7Crdghxb4lrrtd5uuoaaEMds root@ubuntu-xenial
[   13.172870] cloud-init[956]: The key's randomart image is:
[   13.174926] cloud-init[956]: +---[DSA 1024]----+
[   13.177194] cloud-init[956]: |                 |
[   13.179949] cloud-init[956]: |      o.   .     |
[   13.182447] cloud-init[956]: |     o o+ o .    |
[   13.184756] cloud-init[956]: | .    +  + o .   |
[   13.186296] cloud-init[956]: |+ .  +  S .   .  |
[   13.188157] cloud-init[956]: |.* +o o    . =   |
[   13.190041] cloud-init[956]: |o.E +. +  . B    |
[   13.191813] cloud-init[956]: |.*.*.o+.o. o     |
[   13.201153] cloud-init[956]: |+=+.+==o.o       |
[   13.202716] cloud-init[956]: +----[SHA256]-----+
[   13.204809] cloud-init[956]: Generating public/private ecdsa key pair.
[   13.209012] cloud-init[956]: Your identification has been saved in /etc/ssh/ssh_host_ecdsa_key.
[   13.211776] cloud-init[956]: Your public key has been saved in /etc/ssh/ssh_host_ecdsa_key.pub.
[   13.214422] cloud-init[956]: The key fingerprint is:
[   13.220480] cloud-init[956]: SHA256:ivXuN3Qs1YSh0wj4b3cwdVbZIzsWBVaTIaTJdkeZ+9I root@ubuntu-xenial
[   13.223159] cloud-init[956]: The key's randomart image is:
[   13.225270] cloud-init[956]: +---[ECDSA 256]---+
[   13.227150] cloud-init[956]: |       ..   oB+*X|
[   13.229053] cloud-init[956]: |      .  ..+=o=*=|
[   13.231249] cloud-init[956]: |       .  +=.=++o|
[   13.235184] cloud-init[956]: |        . ..=+o. |
[   13.237223] cloud-init[956]: |      . S. o.o...|
[   13.240239] cloud-init[956]: |     o o  = + o E|
[   13.241912] cloud-init[956]: |    . . .o + . . |
[   13.244529] cloud-init[956]: |       .  o      |
[   13.246452] cloud-init[956]: |       .o. .     |
[   13.248609] cloud-init[956]: +----[SHA256]-----+
[   13.250959] cloud-init[956]: Generating public/private ed25519 key pair.
[   13.253755] cloud-init[956]: Your identification has been saved in /etc/ssh/ssh_host_ed25519_key.
[   13.256763] cloud-init[956]: Your public key has been saved in /etc/ssh/ssh_host_ed25519_key.pub.
[   13.260044] cloud-init[956]: The key fingerprint is:
[   13.262495] cloud-init[956]: SHA256:lxaHqZF3HyWMoC58PjJnFLGPJ1ayfx+Vs9pb+9B1v20 root@ubuntu-xenial
[   13.264956] cloud-init[956]: The key's randomart image is:
[   13.266866] cloud-init[956]: +--[ED25519 256]--+
[   13.268869] cloud-init[956]: |        . .. o. .|
[   13.273934] cloud-init[956]: |         = o. .o |
[   13.281132] cloud-init[956]: |        B * o .  |
[   13.284759] cloud-init[956]: |     . . @ = . ..|
[   13.291988] cloud-init[956]: |      o S *   .o+|
[   13.294193] cloud-init[956]: |       * *     o*|
[   13.296960] cloud-init[956]: |      o = . . o.+|
[   13.299656] [[0;32m  OK  [0m] Started Regular background program processing daemon.
         Starting Virtualbox guest utils...
cloud-init[956]: |       = . . .ooE|
[[0;32m  OK  [0m] Started ACPI event daemon.
         Starting LSB: Record successful boot for GRUB...
         Starting LXD - container startup/shutdown...
[[0;32m  OK  [0m] Started System Logging Service.
[[0;32m  OK  [0m] Started /etc/rc.local Compatibility.
[   13.333034] cloud-init[956]: |             ..*=|
[   13.354063] cloud-init[956]: +----[SHA256]-----+
[[0;32m  OK  [0m] Started iSCSI initiator daemon (iscsid).
[[0;32m  OK  [0m] Started Login Service.
[[0;32m  OK  [0m] Started Unattended Upgrades Shutdown.
         Starting Login to default iSCSI targets...
         Starting Authenticate and Authorize Users to Run Privileged Tasks...
[[0;32m  OK  [0m] Started LSB: Record successful boot for GRUB.
[[0;32m  OK  [0m] Started LSB: MD monitoring daemon.
[[0;32m  OK  [0m] Started Login to default iSCSI targets.
[[0;32m  OK  [0m] Reached target Remote File Systems (Pre).
[[0;32m  OK  [0m] Reached target Remote File Systems.
         Starting Permit User Sessions...
         Starting LSB: daemon to balance interrupts for SMP systems...
         Starting LSB: automatic crash report generation...
         Starting LSB: Set the CPU Frequency Scaling governor to "ondemand"...
[[0;32m  OK  [0m] Started Permit User Sessions.
         Starting Terminate Plymouth Boot Screen...
         Starting Hold until boot process finishes up...
[[0;32m  OK  [0m] Started Hold until boot process finishes up.
         Starting Set console scheme...
[[0;32m  OK  [0m] Started Getty on tty1.
[[0;32m  OK  [0m] Started Serial Getty on ttyS0.
[[0;32m  OK  [0m] Reached target Login Prompts.
[[0;32m  OK  [0m] Started Set console scheme.
[[0;32m  OK  [0m] Started Terminate Plymouth Boot Screen.
[[0;32m  OK  [0m] Started Authenticate and Authorize Users to Run Privileged Tasks.
[[0;32m  OK  [0m] Started LSB: Set the CPU Frequency Scaling governor to "ondemand".
[[0;32m  OK  [0m] Started Accounts Service.
[[0;32m  OK  [0m] Started LSB: daemon to balance interrupts for SMP systems.
[[0;32m  OK  [0m] Started LSB: automatic crash report generation.
[[0;32m  OK  [0m] Started Virtualbox guest utils.
[[0;32m  OK  [0m] Started LXD - container startup/shutdown.
[[0;32m  OK  [0m] Started Pollinate to seed the pseudo random number generator.
         Starting OpenBSD Secure Shell server...
[[0;32m  OK  [0m] Started Snappy daemon.
         Starting Wait until snapd is fully seeded...
[[0;32m  OK  [0m] Started OpenBSD Secure Shell server.
[[0;32m  OK  [0m] Created slice User Slice of vagrant.
         Starting User Manager for UID 1000...
[[0;32m  OK  [0m] Started Session 1 of user vagrant.
[[0;32m  OK  [0m] Started User Manager for UID 1000.
[[0;32m  OK  [0m] Started Wait until snapd is fully seeded.
         Starting Apply the settings specified in cloud-config...
[[0;32m  OK  [0m] Reached target Multi-User System.
[[0;32m  OK  [0m] Reached target Graphical Interface.
         Starting Update UTMP about System Runlevel Changes...
[[0;32m  OK  [0m] Started Update UTMP about System Runlevel Changes.
[   16.364214] cloud-init[1387]: Generating locales (this might take a while)...
[   18.275762] cloud-init[1387]:   en_US.UTF-8... done
[   18.277410] cloud-init[1387]: Generation complete.
[   18.925289] cloud-init[1387]: Cloud-init v. 19.2-36-g059d049c-0ubuntu2~16.04.1 running 'modules:config' at Wed, 18 Dec 2019 12:09:32 +0000. Up 16.03 seconds.

Ubuntu 16.04.6 LTS ubuntu-xenial ttyS0

ubuntu-xenial login: ci-info: no authorized ssh keys fingerprints found for user ubuntu.
<14>Dec 18 12:09:36 ec2: 
<14>Dec 18 12:09:36 ec2: #############################################################
<14>Dec 18 12:09:36 ec2: -----BEGIN SSH HOST KEY FINGERPRINTS-----
<14>Dec 18 12:09:36 ec2: 1024 SHA256:MfyR98qZaaIzsFCx5Nq7Crdghxb4lrrtd5uuoaaEMds root@ubuntu-xenial (DSA)
<14>Dec 18 12:09:36 ec2: 256 SHA256:ivXuN3Qs1YSh0wj4b3cwdVbZIzsWBVaTIaTJdkeZ+9I root@ubuntu-xenial (ECDSA)
<14>Dec 18 12:09:36 ec2: 256 SHA256:lxaHqZF3HyWMoC58PjJnFLGPJ1ayfx+Vs9pb+9B1v20 root@ubuntu-xenial (ED25519)
<14>Dec 18 12:09:36 ec2: 2048 SHA256:dyo/3BV1t8BWI4b+fY8slOhZjaJ2WtkoD29+r/1YTh0 root@ubuntu-xenial (RSA)
<14>Dec 18 12:09:36 ec2: -----END SSH HOST KEY FINGERPRINTS-----
<14>Dec 18 12:09:36 ec2: #############################################################
-----BEGIN SSH HOST KEY KEYS-----
ecdsa-sha2-nistp256 AAAAE2VjZHNhLXNoYTItbmlzdHAyNTYAAAAIbmlzdHAyNTYAAABBBF2K4jhbBrc+ZAwC/TQvQy1mbEnyWG5OoaOSnE6PZJTLd5mY+Aq9+JvMb+D5pQUE36EwTJg5zGsmynlWBsYaxAs= root@ubuntu-xenial
ssh-ed25519 AAAAC3NzaC1lZDI1NTE5AAAAIKGai2RWd4pKc7oLeRJyRliY9kBKymCTbIMmHpuHXoJl root@ubuntu-xenial
ssh-rsa AAAAB3NzaC1yc2EAAAADAQABAAABAQCghqpZWjByVSPTIxx9YCNCgBM9fuqCaEJdNqXPOdwslov54cAw3cyb+Tl8SkNdDcQPxquS1COYMkh0ARgxbAmOMOK4fKX1umd5RljYmqr+NbNEwveHPuXYqHa3YaHP2bP+CZdcqAl0rr0Mw5tlefoxQUW8cSwquEpjjKAx63UfaKprtKjS1xW9gaV+wD2g4DiP1pUxD+fwOWNI0C95RiMiJyiBsKSS1BCpQWuEzKQjmjztGia+d79wXgYg7fmlt+N3zmdfClutSbXHnc92zxHgMVAcCUhwu2tbhHD+uumlm+QInd4JBP2ZxJsycvfDbzd4NYpwFeKA82pJoW46SOyN root@ubuntu-xenial
-----END SSH HOST KEY KEYS-----
[   19.931675] cloud-init[1562]: Cloud-init v. 19.2-36-g059d049c-0ubuntu2~16.04.1 running 'modules:final' at Wed, 18 Dec 2019 12:09:35 +0000. Up 19.66 seconds.
[   19.936837] cloud-init[1562]: ci-info: no authorized ssh keys fingerprints found for user ubuntu.
[   19.941057] cloud-init[1562]: Cloud-init v. 19.2-36-g059d049c-0ubuntu2~16.04.1 finished at Wed, 18 Dec 2019 12:09:36 +0000. Datasource DataSourceNoCloud [seed=/dev/sdb][dsmode=net].  Up 19.91 seconds
